     2 : nkpt
    10 : nstsv

     1  0.2500000000      0.2500000000      0.2500000000     : k-point, vkl
 (state, eigenvalue and occupancy below)
     1  -2.101373086       2.000000000    
     2  -2.100898262       2.000000000    
     3  -2.100898262       2.000000000    
     4 -0.7753853495E-01   2.000000000    
     5  0.4101058965       0.000000000    
     6  0.6922742726       0.000000000    
     7  0.6922742726       0.000000000    
     8  0.8273200361       0.000000000    
     9  0.8368998029       0.000000000    
    10  0.8368998029       0.000000000    


     2  0.7500000000      0.2500000000      0.2500000000     : k-point, vkl
 (state, eigenvalue and occupancy below)
     1  -2.101700063       2.000000000    
     2  -2.101256645       2.000000000    
     3  -2.101104347       2.000000000    
     4  0.8926726529E-01   2.000000000    
     5  0.2515366057       1.333333125    
     6  0.4188987859       0.000000000    
     7  0.5474638488       0.000000000    
     8  0.6115985095       0.000000000    
     9  0.8899903939       0.000000000    
    10  0.9847256785       0.000000000    

