    17 : nkpt
    10 : nstsv

     1  0.1250000000      0.1250000000      0.1250000000     : k-point, vkl
 (state, eigenvalue and occupancy below)
     1  -2.079832906       2.000000000    
     2  -2.079679704       2.000000000    
     3  -2.079679704       2.000000000    
     4 -0.1385307947       2.000000000    
     5  0.5819055719       0.000000000    
     6  0.7090769342       0.000000000    
     7  0.7090769342       0.000000000    
     8  0.8291146656       0.000000000    
     9  0.8640491960       0.000000000    
    10  0.8640491960       0.000000000    


     2  0.3437500000      0.9375000000E-01  0.9375000000E-01 : k-point, vkl
 (state, eigenvalue and occupancy below)
     1  -2.080342760       2.000000000    
     2  -2.079834365       2.000000000    
     3  -2.079748967       2.000000000    
     4 -0.6554275878E-01   2.000000000    
     5  0.3611178948       0.000000000    
     6  0.5628174709       0.000000000    
     7  0.7401542781       0.000000000    
     8  0.7576910658       0.000000000    
     9  0.8098012475       0.000000000    
    10  0.8648617754       0.000000000    


     3  0.5625000000      0.6250000000E-01  0.6250000000E-01 : k-point, vkl
 (state, eigenvalue and occupancy below)
     1  -2.080775484       2.000000000    
     2  -2.079867494       2.000000000    
     3  -2.079851930       2.000000000    
     4  0.8008120881E-01   2.000000000    
     5  0.1229964914       2.000000000    
     6  0.6348938946       0.000000000    
     7  0.6493573586       0.000000000    
     8  0.7071754923       0.000000000    
     9  0.7601494194       0.000000000    
    10  0.8818417707       0.000000000    


     4  0.7812500000      0.3125000000E-01  0.3125000000E-01 : k-point, vkl
 (state, eigenvalue and occupancy below)
     1  -2.080191382       2.000000000    
     2  -2.079746840       2.000000000    
     3  -2.079722576       2.000000000    
     4 -0.9473282370E-01   2.000000000    
     5  0.4130172698       0.000000000    
     6  0.6591416407       0.000000000    
     7  0.6959663450       0.000000000    
     8  0.8035476767       0.000000000    
     9  0.8279235568       0.000000000    
    10  0.8579810943       0.000000000    


     5  0.3125000000      0.3125000000      0.6250000000E-01 : k-point, vkl
 (state, eigenvalue and occupancy below)
     1  -2.080358587       2.000000000    
     2  -2.079931802       2.000000000    
     3  -2.079914273       2.000000000    
     4 -0.4411587791E-01   2.000000000    
     5  0.4702830864       0.000000000    
     6  0.5254694496       0.000000000    
     7  0.5391067399       0.000000000    
     8  0.5772052756       0.000000000    
     9  0.6976328236       0.000000000    
    10   1.064472818       0.000000000    


     6  0.5312500000      0.2812500000      0.3125000000E-01 : k-point, vkl
 (state, eigenvalue and occupancy below)
     1  -2.080585258       2.000000000    
     2  -2.080159931       2.000000000    
     3  -2.079974146       2.000000000    
     4  0.9258932390E-01   2.000000000    
     5  0.2346737547       1.712690395    
     6  0.3830072481       0.000000000    
     7  0.5144890047       0.000000000    
     8  0.6133370763       0.000000000    
     9  0.8765272786       0.000000000    
    10  0.9800833700       0.000000000    


     7  0.7500000000      0.2500000000       0.000000000     : k-point, vkl
 (state, eigenvalue and occupancy below)
     1  -2.080492330       2.000000000    
     2  -2.080122800       2.000000000    
     3  -2.079814000       2.000000000    
     4  0.1476269089E-01   2.000000000    
     5  0.3131829090       0.000000000    
     6  0.3739083479       0.000000000    
     7  0.6277682426       0.000000000    
     8  0.7028070597       0.000000000    
     9  0.9086446031       0.000000000    
    10  0.9374404133       0.000000000    


     8  0.5000000000      0.5000000000       0.000000000     : k-point, vkl
 (state, eigenvalue and occupancy below)
     1  -2.080690166       2.000000000    
     2  -2.080106128       2.000000000    
     3  -2.080106099       2.000000000    
     4  0.1561025015       2.000000000    
     5  0.2077011506       1.999998931    
     6  0.4619720226       0.000000000    
     7  0.4815694019       0.000000000    
     8  0.4815695121       0.000000000    
     9  0.6174429551       0.000000000    
    10   1.221752075       0.000000000    


     9  0.2812500000      0.2812500000      0.2812500000     : k-point, vkl
 (state, eigenvalue and occupancy below)
     1  -2.080353230       2.000000000    
     2  -2.079766786       2.000000000    
     3  -2.079766786       2.000000000    
     4 -0.7348556699E-01   2.000000000    
     5  0.3546904353       0.000000000    
     6  0.6778831781       0.000000000    
     7  0.6778831781       0.000000000    
     8  0.8057841038       0.000000000    
     9  0.8057841038       0.000000000    
    10  0.8131931858       0.000000000    


    10  0.7187500000      0.2187500000      0.2187500000     : k-point, vkl
 (state, eigenvalue and occupancy below)
     1  -2.080609307       2.000000000    
     2  -2.080066983       2.000000000    
     3  -2.079943398       2.000000000    
     4  0.7235036732E-01   2.000000000    
     5  0.2151999829       1.999865489    
     6  0.4414806351       0.000000000    
     7  0.5506448773       0.000000000    
     8  0.6162605943       0.000000000    
     9  0.9240423733       0.000000000    
    10  0.9356833931       0.000000000    


    11  0.4687500000      0.4687500000      0.2187500000     : k-point, vkl
 (state, eigenvalue and occupancy below)
     1  -2.080601531       2.000000000    
     2  -2.080089275       2.000000000    
     3  -2.079966294       2.000000000    
     4  0.5180895590E-01   2.000000000    
     5  0.2742598827      0.5779982810E-05
     6  0.4219087828       0.000000000    
     7  0.5323520003       0.000000000    
     8  0.5943146685       0.000000000    
     9  0.8423885240       0.000000000    
    10  0.9884823954       0.000000000    


    12  0.6875000000      0.4375000000      0.1875000000     : k-point, vkl
 (state, eigenvalue and occupancy below)
     1  -2.080450466       2.000000000    
     2  -2.080330971       2.000000000    
     3  -2.080079049       2.000000000    
     4  0.1964943864       2.000000000    
     5  0.2365603704       1.574685089    
     6  0.2916950481      0.2559730206E-11
     7  0.3465565254       0.000000000    
     8  0.7947062883       0.000000000    
     9  0.8814657056       0.000000000    
    10  0.9165254418       0.000000000    


    13  0.6562500000      0.6562500000      0.1562500000     : k-point, vkl
 (state, eigenvalue and occupancy below)
     1  -2.080643062       2.000000000    
     2  -2.080156657       2.000000000    
     3  -2.080027466       2.000000000    
     4  0.9976500677E-01   2.000000000    
     5  0.3043384585       0.000000000    
     6  0.3268616082       0.000000000    
     7  0.5028327160       0.000000000    
     8  0.5571975689       0.000000000    
     9  0.7465625578       0.000000000    
    10   1.097962272       0.000000000    


    14  0.4375000000      0.4375000000      0.4375000000     : k-point, vkl
 (state, eigenvalue and occupancy below)
     1  -2.080709118       2.000000000    
     2  -2.079829335       2.000000000    
     3  -2.079829335       2.000000000    
     4  0.3938074509E-01   2.000000000    
     5  0.1631444653       2.000000000    
     6  0.6858434324       0.000000000    
     7  0.6858434324       0.000000000    
     8  0.7234388827       0.000000000    
     9  0.7234388827       0.000000000    
    10  0.8282152171       0.000000000    


    15  0.6562500000      0.4062500000      0.4062500000     : k-point, vkl
 (state, eigenvalue and occupancy below)
     1  -2.080578733       2.000000000    
     2  -2.080194207       2.000000000    
     3  -2.079941251       2.000000000    
     4  0.1394188632       2.000000000    
     5  0.1633728473       2.000000000    
     6  0.3718113114       0.000000000    
     7  0.5576143878       0.000000000    
     8  0.6253656720       0.000000000    
     9  0.9436096712       0.000000000    
    10  0.9886008488       0.000000000    


    16  0.6250000000      0.6250000000      0.3750000000     : k-point, vkl
 (state, eigenvalue and occupancy below)
     1  -2.080559996       2.000000000    
     2  -2.080243871       2.000000000    
     3  -2.079924312       2.000000000    
     4  0.1121918930       2.000000000    
     5  0.1928152410       2.000000000    
     6  0.3644099695       0.000000000    
     7  0.5682112956       0.000000000    
     8  0.6374715989       0.000000000    
     9  0.9360524975       0.000000000    
    10   1.011268556       0.000000000    


    17  0.5937500000      0.5937500000      0.5937500000     : k-point, vkl
 (state, eigenvalue and occupancy below)
     1  -2.080695225       2.000000000    
     2  -2.079822517       2.000000000    
     3  -2.079822517       2.000000000    
     4  0.1315247930E-01   2.000000000    
     5  0.1981421861       2.000000000    
     6  0.6810341727       0.000000000    
     7  0.6810341727       0.000000000    
     8  0.7366132370       0.000000000    
     9  0.7366132370       0.000000000    
    10  0.8218633232       0.000000000    

