
Species :    1 (Al), atom :    1
 n =  1, l =  0, k =  1 :   -54.78918516    
 n =  2, l =  0, k =  1 :   -3.468203949    
