 +----------------------------------+
 | EXCITING version 0.9.224 started |
 | git hash id a57873d739a119fd03a5 |
 +----------------------------------+

Notes :
 Simple calculation of the ground state of aluminium. Must check convergence    
 with respect to k-point set later.                                             
 Run by H. Golightly                                                            

Date (YYYY-MM-DD) : 2008-11-24
Time (hh:mm:ss)   : 12:03:42

All units are atomic (Hartree, Bohr, etc.)

+-------------------------------------------------+
| Ground-state run starting from atomic densities |
+-------------------------------------------------+

Lattice vectors :
   3.750000000       3.750000000       0.000000000    
   3.750000000       0.000000000       3.750000000    
   0.000000000       3.750000000       3.750000000    

Reciprocal lattice vectors :
  0.8377580410      0.8377580410     -0.8377580410    
  0.8377580410     -0.8377580410      0.8377580410    
 -0.8377580410      0.8377580410      0.8377580410    

Unit cell volume      :    105.4687500    
Brillouin zone volume :    2.351883505    

Species :    1 (Al)
 parameters loaded from : Al.in
 name : aluminium
 nuclear charge    :   -13.00000000    
 electronic charge :    13.00000000    
 atomic mass :    49184.33493    
 muffin-tin radius :    2.000000000    
 number of radial points in muffin-tin :    397
 atomic positions (lattice), magnetic fields (Cartesian) :
   1 :   0.00000000  0.00000000  0.00000000    0.00000000  0.00000000  0.00000000

Total number of atoms per unit cell :    1

Spin treatment :
 spin-unpolarised

Number of Bravais lattice symmetries :   48
Number of crystal symmetries         :   48

k-point grid :      4     4     4
k-point offset :   0.5000000000      0.5000000000      0.5000000000    
k-point set is reduced with crystal symmetries
Total number of k-points :       17

Smallest muffin-tin radius times maximum |G+k| :    7.000000000    
Species with smallest (or selected) muffin-tin radius :    1 (Al)
Maximum |G+k| for APW functions       :    3.500000000    
Maximum |G| for potential and density :    12.00000000    
Polynomial order for pseudocharge density :    9

G-vector grid sizes :     24    24    24
Total number of G-vectors :     3119

Maximum angular momentum used for
 APW functions                     :    8
 computing H and O matrix elements :    5
 potential and density             :    7
 inner part of muffin-tin          :    2

Total nuclear charge    :   -13.00000000    
Total core charge       :    4.000000000    
Total valence charge    :    9.000000000    
Total excess charge     :    0.000000000    
Total electronic charge :    13.00000000    

Effective Wigner radius, r_s :    1.246514340    

Number of empty states         :    5
Total number of valence states :   10

Total number of local-orbitals :   12

Exchange-correlation type :    3
 Perdew-Wang/Ceperley-Alder, Phys. Rev. B 45, 13244 (1992)

Smearing scheme :
 Gaussian
Smearing width :   0.1000000000E-01

Radial integration step length :    4

Density and potential initialised from atomic data
 Using Adaptive step size linear potential mixing (1)

+------------------------------+
| Self-consistent loop started |
+------------------------------+

+-------------------------+
| Iteration number :    1 |
+-------------------------+

Reached self-consistent loops maximum

Energies :
 Fermi                       :     0.242197668900    
 sum of eigenvalues          :     -128.675485797    
 electronic kinetic          :      242.270164662    
 core electron kinetic       :      179.743027676    
 Coulomb                     :     -466.199332964    
 Coulomb potential           :     -347.566637669    
 nuclear-nuclear             :     -44.0686478942    
 electron-nuclear            :     -496.694732471    
 Hartree                     :      74.5640474008    
 Madelung                    :     -292.416014130    
 xc potential                :     -23.3790127904    
 exchange                    :     -16.7113663932    
 correlation                 :    -0.989719965208    
 total energy                :     -241.630254660    

Density of states at Fermi energy :    19.71414666    
 (states/Hartree/unit cell)

Charges :
 core                        :    4.000000000    
 core leakage                :   0.1465385457E-02
 valence                     :    9.000000000    
 interstitial                :    2.093067975    
 muffin-tins
  species :    1 (Al)
   atom    1                 :    10.90693202    
 total in muffin-tins        :    10.90693202    
 total charge                :    13.00000000    

+------------------------------+
| Self-consistent loop stopped |
+------------------------------+

Timings (CPU seconds) :
 initialisation                        :         2.99
 Hamiltonian and overlap matrix set up :         0.25
 first-variational secular equation    :         0.17
 charge density calculation            :         0.88
 potential calculation                 :         0.89
 total                                 :         5.18

+----------------------------------+
| EXCITING version 0.9.224 stopped |
+----------------------------------+
